c[?7l[2J[0mSeaBIOS (version Arch Linux 1.16.0-3-3)


iPXE (http://ipxe.org) 00:03.0 C900 PCI2.10 PnP PMM+7FF93310+7FEF3310 C900
Press Ctrl-B to configure iPXE (PCI 00:03.0)...                                                                               


Booting from ROM..c[?7l[2JNo EFI environment detected.
early console in extract_kernel
input_data: 0x0000000002b5640d
input_len: 0x0000000000aaab5c
output: 0x0000000001000000
output_len: 0x00000000025baa24
kernel_total_size: 0x0000000002230000
needed_size: 0x0000000002600000
trampoline_32bit: 0x000000000009d000
Physical KASLR using RDTSC...
Virtual KASLR using RDTSC...

Decompressing Linux... Parsing ELF... Performing relocations... done.
Booting the kernel.
[    0.000000] Linux version 6.0.0-g2d682f3e46d9-dirty (silentsky@sky) (gcc (GCC) 12.2.0, GNU ld (GNU Binutils) 2.39.0) #26 SMP PREEMPT_DYNAMIC Sun Nov 6 15:22:41 CET 2022
[    0.000000] Command line: console=ttyS0 root=/dev/sda earlyprintk=serial net.ifnames=0 rootfstype=ext4 loglevel=7
[    0.000000] x86/fpu: x87 FPU will use FXSAVE
[    0.000000] signal: max sigframe size: 1440
[    0.000000] BIOS-provided physical RAM map:
[    0.000000] BIOS-e820: [mem 0x0000000000000000-0x000000000009fbff] usable
[    0.000000] BIOS-e820: [mem 0x000000000009fc00-0x000000000009ffff] reserved
[    0.000000] BIOS-e820: [mem 0x00000000000f0000-0x00000000000fffff] reserved
[    0.000000] BIOS-e820: [mem 0x0000000000100000-0x000000007ffdffff] usable
[    0.000000] BIOS-e820: [mem 0x000000007ffe0000-0x000000007fffffff] reserved
[    0.000000] BIOS-e820: [mem 0x00000000feffc000-0x00000000feffffff] reserved
[    0.000000] BIOS-e820: [mem 0x00000000fffc0000-0x00000000ffffffff] reserved
[    0.000000] printk: bootconsole [earlyser0] enabled
[    0.000000] NX (Execute Disable) protection: active
[    0.000000] SMBIOS 2.8 present.
[    0.000000] DMI: QEMU Standard PC (i440FX + PIIX, 1996), BIOS Arch Linux 1.16.0-3-3 04/01/2014
[    0.000000] Hypervisor detected: KVM
[    0.000000] kvm-clock: Using msrs 4b564d01 and 4b564d00
[    0.000001] kvm-clock: using sched offset of 323639555 cycles
[    0.000514] clocksource: kvm-clock: mask: 0xffffffffffffffff max_cycles: 0x1cd42e4dffb, max_idle_ns: 881590591483 ns
[    0.001953] tsc: Detected 2112.002 MHz processor
[    0.002925] last_pfn = 0x7ffe0 max_arch_pfn = 0x400000000
[    0.003495] x86/PAT: Configuration [0-7]: WB  WC  UC- UC  WB  WP  UC- WT  
Memory KASLR using RDTSC...
[    0.011134] found SMP MP-table at [mem 0x000f6e80-0x000f6e8f]
[    0.011982] RAMDISK: [mem 0x7feaf000-0x7ffdffff]
[    0.012481] ACPI: Early table checksum verification disabled
[    0.013064] ACPI: RSDP 0x00000000000F6CB0 000014 (v00 BOCHS )
[    0.013648] ACPI: RSDT 0x000000007FFE1951 000034 (v01 BOCHS  BXPC     00000001 BXPC 00000001)
[    0.014534] ACPI: FACP 0x000000007FFE17FD 000074 (v01 BOCHS  BXPC     00000001 BXPC 00000001)
[    0.015425] ACPI: DSDT 0x000000007FFE0040 0017BD (v01 BOCHS  BXPC     00000001 BXPC 00000001)
[    0.016274] ACPI: FACS 0x000000007FFE0000 000040
[    0.016727] ACPI: APIC 0x000000007FFE1871 000080 (v01 BOCHS  BXPC     00000001 BXPC 00000001)
[    0.017489] ACPI: HPET 0x000000007FFE18F1 000038 (v01 BOCHS  BXPC     00000001 BXPC 00000001)
[    0.018330] ACPI: WAET 0x000000007FFE1929 000028 (v01 BOCHS  BXPC     00000001 BXPC 00000001)
[    0.019162] ACPI: Reserving FACP table memory at [mem 0x7ffe17fd-0x7ffe1870]
[    0.019879] ACPI: Reserving DSDT table memory at [mem 0x7ffe0040-0x7ffe17fc]
[    0.020536] ACPI: Reserving FACS table memory at [mem 0x7ffe0000-0x7ffe003f]
[    0.021237] ACPI: Reserving APIC table memory at [mem 0x7ffe1871-0x7ffe18f0]
[    0.021969] ACPI: Reserving HPET table memory at [mem 0x7ffe18f1-0x7ffe1928]
[    0.022686] ACPI: Reserving WAET table memory at [mem 0x7ffe1929-0x7ffe1950]
[    0.023573] No NUMA configuration found
[    0.023954] Faking a node at [mem 0x0000000000000000-0x000000007ffdffff]
[    0.024615] NODE_DATA(0) allocated [mem 0x7feab000-0x7feaefff]
[    0.025215] Zone ranges:
[    0.025466]   DMA      [mem 0x0000000000001000-0x0000000000ffffff]
[    0.026067]   DMA32    [mem 0x0000000001000000-0x000000007ffdffff]
[    0.026706]   Normal   empty
[    0.026974] Movable zone start for each node
[    0.027449] Early memory node ranges
[    0.027748]   node   0: [mem 0x0000000000001000-0x000000000009efff]
[    0.028276]   node   0: [mem 0x0000000000100000-0x000000007ffdffff]
[    0.028800] Initmem setup node 0 [mem 0x0000000000001000-0x000000007ffdffff]
[    0.029550] On node 0, zone DMA: 1 pages in unavailable ranges
[    0.029570] On node 0, zone DMA: 97 pages in unavailable ranges
[    0.047992] On node 0, zone DMA32: 32 pages in unavailable ranges
[    0.048762] ACPI: PM-Timer IO Port: 0x608
[    0.049585] ACPI: LAPIC_NMI (acpi_id[0xff] dfl dfl lint[0x1])
[    0.050107] IOAPIC[0]: apic_id 0, version 17, address 0xfec00000, GSI 0-23
[    0.050693] ACPI: INT_SRC_OVR (bus 0 bus_irq 0 global_irq 2 dfl dfl)
[    0.051210] ACPI: INT_SRC_OVR (bus 0 bus_irq 5 global_irq 5 high level)
[    0.051746] ACPI: INT_SRC_OVR (bus 0 bus_irq 9 global_irq 9 high level)
[    0.052292] ACPI: INT_SRC_OVR (bus 0 bus_irq 10 global_irq 10 high level)
[    0.052830] ACPI: INT_SRC_OVR (bus 0 bus_irq 11 global_irq 11 high level)
[    0.053381] ACPI: Using ACPI (MADT) for SMP configuration information
[    0.053897] ACPI: HPET id: 0x8086a201 base: 0xfed00000
[    0.054322] smpboot: Allowing 2 CPUs, 0 hotplug CPUs
[    0.054763] PM: hibernation: Registered nosave memory: [mem 0x00000000-0x00000fff]
[    0.055402] PM: hibernation: Registered nosave memory: [mem 0x0009f000-0x0009ffff]
[    0.056014] PM: hibernation: Registered nosave memory: [mem 0x000a0000-0x000effff]
[    0.056624] PM: hibernation: Registered nosave memory: [mem 0x000f0000-0x000fffff]
[    0.057242] [mem 0x80000000-0xfeffbfff] available for PCI devices
[    0.057739] Booting paravirtualized kernel on KVM
[    0.058131] clocksource: refined-jiffies: mask: 0xffffffff max_cycles: 0xffffffff, max_idle_ns: 1910969940391419 ns
[    0.063983] setup_percpu: NR_CPUS:64 nr_cpumask_bits:64 nr_cpu_ids:2 nr_node_ids:1
[    0.066090] percpu: Embedded 52 pages/cpu s176040 r8192 d28760 u1048576
[    0.066777] Fallback order for Node 0: 0 
[    0.067151] Built 1 zonelists, mobility grouping on.  Total pages: 515808
[    0.067688] Policy zone: DMA32
[    0.067926] Kernel command line: console=ttyS0 root=/dev/sda earlyprintk=serial net.ifnames=0 rootfstype=ext4 loglevel=7
[    0.072192] Dentry cache hash table entries: 262144 (order: 9, 2097152 bytes, linear)
[    0.074130] Inode-cache hash table entries: 131072 (order: 8, 1048576 bytes, linear)
[    0.074928] mem auto-init: stack:all(zero), heap alloc:off, heap free:off
[    0.082891] Memory: 2023316K/2096632K available (16396K kernel code, 2665K rwdata, 5168K rodata, 1516K init, 988K bss, 73056K reserved, 0K cma-reserved)
[    0.084117] SLUB: HWalign=64, Order=0-3, MinObjects=0, CPUs=2, Nodes=1
[    0.084647] Kernel/User page tables isolation: enabled
[    0.087147] Dynamic Preempt: voluntary
[    0.088826] rcu: Preemptible hierarchical RCU implementation.
[    0.089388] rcu: 	RCU event tracing is enabled.
[    0.089804] rcu: 	RCU restricting CPUs from NR_CPUS=64 to nr_cpu_ids=2.
[    0.090414] 	Trampoline variant of Tasks RCU enabled.
[    0.090880] rcu: RCU calculated value of scheduler-enlistment delay is 100 jiffies.
[    0.091580] rcu: Adjusting geometry for rcu_fanout_leaf=16, nr_cpu_ids=2
[    0.093235] NR_IRQS: 4352, nr_irqs: 440, preallocated irqs: 16
[    0.093940] rcu: srcu_init: Setting srcu_struct sizes based on contention.
[    0.098311] Console: colour VGA+ 80x25
[    0.098663] printk: console [ttyS0] enabled
[    0.098663] printk: console [ttyS0] enabled
[    0.099302] printk: bootconsole [earlyser0] disabled
[    0.099302] printk: bootconsole [earlyser0] disabled
[    0.100233] ACPI: Core revision 20220331
[    0.100707] clocksource: hpet: mask: 0xffffffff max_cycles: 0xffffffff, max_idle_ns: 19112604467 ns
[    0.101561] APIC: Switch to symmetric I/O mode setup
[    0.102990] ..TIMER: vector=0x30 apic1=0 pin1=2 apic2=-1 pin2=-1
[    0.104039] clocksource: tsc-early: mask: 0xffffffffffffffff max_cycles: 0x1e717a67afe, max_idle_ns: 440795258295 ns
[    0.105040] Calibrating delay loop (skipped) preset value.. 4224.00 BogoMIPS (lpj=2112002)
[    0.106035] pid_max: default: 32768 minimum: 301
[    0.106425] LSM: Security Framework initializing
[    0.107045] SELinux:  Initializing.
[    0.107360] Mount-cache hash table entries: 4096 (order: 3, 32768 bytes, linear)
[    0.108037] Mountpoint-cache hash table entries: 4096 (order: 3, 32768 bytes, linear)
Poking KASLR using RDTSC...
[    0.109307] Last level iTLB entries: 4KB 0, 2MB 0, 4MB 0
[    0.109841] Last level dTLB entries: 4KB 0, 2MB 0, 4MB 0, 1GB 0
[    0.110038] Spectre V1 : Mitigation: usercopy/swapgs barriers and __user pointer sanitization
[    0.111035] Spectre V2 : Mitigation: Retpolines
[    0.111480] Spectre V2 : Spectre v2 / SpectreRSB mitigation: Filling RSB on context switch
[    0.112036] Spectre V2 : Spectre v2 / SpectreRSB : Filling RSB on VMEXIT
[    0.113034] Speculative Store Bypass: Vulnerable
[    0.113494] MDS: Vulnerable: Clear CPU buffers attempted, no microcode
[    0.114034] MMIO Stale Data: Unknown: No mitigations
[    0.129266] Freeing SMP alternatives memory: 44K
[    0.231812] smpboot: CPU0: Intel QEMU Virtual CPU version 2.5+ (family: 0xf, model: 0x6b, stepping: 0x1)
[    0.232033] cblist_init_generic: Setting adjustable number of callback queues.
[    0.232034] cblist_init_generic: Setting shift to 1 and lim to 1.
[    0.232522] Performance Events: unsupported Netburst CPU model 107 no PMU driver, software events only.
[    0.233088] rcu: Hierarchical SRCU implementation.
[    0.234034] rcu: 	Max phase no-delay instances is 400.
[    0.235063] smp: Bringing up secondary CPUs ...
[    0.235492] x86: Booting SMP configuration:
[    0.235808] .... node  #0, CPUs:      #1
[    0.248069] smp: Brought up 1 node, 2 CPUs
[    0.249037] smpboot: Max logical packages: 1
[    0.249425] smpboot: Total of 2 processors activated (8448.00 BogoMIPS)
[    0.250229] devtmpfs: initialized
[    0.250418] clocksource: jiffies: mask: 0xffffffff max_cycles: 0xffffffff, max_idle_ns: 1911260446275000 ns
[    0.251039] futex hash table entries: 512 (order: 3, 32768 bytes, linear)
[    0.252102] PM: RTC time: 14:36:15, date: 2022-11-06
[    0.253086] NET: Registered PF_NETLINK/PF_ROUTE protocol family
[    0.253721] audit: initializing netlink subsys (disabled)
[    0.254060] audit: type=2000 audit(1667745375.922:1): state=initialized audit_enabled=0 res=1
[    0.254098] thermal_sys: Registered thermal governor 'step_wise'
[    0.255035] thermal_sys: Registered thermal governor 'user_space'
[    0.255547] cpuidle: using governor menu
[    0.256455] PCI: Using configuration type 1 for base access
[    0.258416] kprobes: kprobe jump-optimization is enabled. All kprobes are optimized if possible.
[    0.260118] HugeTLB: registered 2.00 MiB page size, pre-allocated 0 pages
[    0.260900] HugeTLB: 28 KiB vmemmap can be freed for a 2.00 MiB page
[    0.262280] ACPI: Added _OSI(Module Device)
[    0.263040] ACPI: Added _OSI(Processor Device)
[    0.263040] ACPI: Added _OSI(3.0 _SCP Extensions)
[    0.263609] ACPI: Added _OSI(Processor Aggregator Device)
[    0.264036] ACPI: Added _OSI(Linux-Dell-Video)
[    0.264507] ACPI: Added _OSI(Linux-Lenovo-NV-HDMI-Audio)
[    0.265034] ACPI: Added _OSI(Linux-HPI-Hybrid-Graphics)
[    0.266385] ACPI: 1 ACPI AML tables successfully acquired and loaded
[    0.349287] ACPI: Interpreter enabled
[    0.349660] ACPI: PM: (supports S0 S3 S4 S5)
[    0.350035] ACPI: Using IOAPIC for interrupt routing
[    0.350618] PCI: Using host bridge windows from ACPI; if necessary, use "pci=nocrs" and report a bug
[    0.352034] PCI: Using E820 reservations for host bridge windows
[    0.352106] ACPI: Enabled 2 GPEs in block 00 to 0F
[    0.355680] ACPI: PCI Root Bridge [PCI0] (domain 0000 [bus 00-ff])
[    0.356038] acpi PNP0A03:00: _OSC: OS supports [ASPM ClockPM Segments MSI HPX-Type3]
[    0.357035] acpi PNP0A03:00: _OSC: not requesting OS control; OS requires [ExtendedConfig ASPM ClockPM MSI]
[    0.358045] acpi PNP0A03:00: fail to add MMCONFIG information, can't access extended PCI configuration space under this bridge.
[    0.359148] PCI host bridge to bus 0000:00
[    0.359608] pci_bus 0000:00: root bus resource [io  0x0000-0x0cf7 window]
[    0.361035] pci_bus 0000:00: root bus resource [io  0x0d00-0xffff window]
[    0.361035] pci_bus 0000:00: root bus resource [mem 0x000a0000-0x000bffff window]
[    0.362035] pci_bus 0000:00: root bus resource [mem 0x80000000-0xfebfffff window]
[    0.363035] pci_bus 0000:00: root bus resource [mem 0x100000000-0x17fffffff window]
[    0.363893] pci_bus 0000:00: root bus resource [bus 00-ff]
[    0.365083] pci 0000:00:00.0: [8086:1237] type 00 class 0x060000
[    0.365577] pci 0000:00:01.0: [8086:7000] type 00 class 0x060100
[    0.367184] pci 0000:00:01.1: [8086:7010] type 00 class 0x010180
[    0.369714] pci 0000:00:01.1: reg 0x20: [io  0xc040-0xc04f]
[    0.370560] pci 0000:00:01.1: legacy IDE quirk: reg 0x10: [io  0x01f0-0x01f7]
[    0.372035] pci 0000:00:01.1: legacy IDE quirk: reg 0x14: [io  0x03f6]
[    0.372035] pci 0000:00:01.1: legacy IDE quirk: reg 0x18: [io  0x0170-0x0177]
[    0.373034] pci 0000:00:01.1: legacy IDE quirk: reg 0x1c: [io  0x0376]
[    0.374154] pci 0000:00:01.3: [8086:7113] type 00 class 0x068000
[    0.375219] pci 0000:00:01.3: quirk: [io  0x0600-0x063f] claimed by PIIX4 ACPI
[    0.376012] pci 0000:00:01.3: quirk: [io  0x0700-0x070f] claimed by PIIX4 SMB
[    0.377163] pci 0000:00:02.0: [1234:1111] type 00 class 0x030000
[    0.388052] pci 0000:00:02.0: reg 0x10: [mem 0xfd000000-0xfdffffff pref]
[    0.406051] pci 0000:00:02.0: reg 0x18: [mem 0xfebf0000-0xfebf0fff]
[    0.434065] pci 0000:00:02.0: reg 0x30: [mem 0xfebe0000-0xfebeffff pref]
[    0.435125] pci 0000:00:02.0: Video device with shadowed ROM at [mem 0x000c0000-0x000dffff]
[    0.436511] pci 0000:00:03.0: [8086:100e] type 00 class 0x020000
[    0.453045] pci 0000:00:03.0: reg 0x10: [mem 0xfebc0000-0xfebdffff]
[    0.470036] pci 0000:00:03.0: reg 0x14: [io  0xc000-0xc03f]
[    0.546037] pci 0000:00:03.0: reg 0x30: [mem 0xfeb80000-0xfebbffff pref]
[    0.547145] ACPI: PCI: Interrupt link LNKA configured for IRQ 10
[    0.547789] ACPI: PCI: Interrupt link LNKB configured for IRQ 10
[    0.548090] ACPI: PCI: Interrupt link LNKC configured for IRQ 11
[    0.548685] ACPI: PCI: Interrupt link LNKD configured for IRQ 11
[    0.549066] ACPI: PCI: Interrupt link LNKS configured for IRQ 9
[    0.550226] iommu: Default domain type: Translated 
[    0.550585] iommu: DMA domain TLB invalidation policy: lazy mode 
[    0.551128] SCSI subsystem initialized
[    0.552087] ACPI: bus type USB registered
[    0.552480] usbcore: registered new interface driver usbfs
[    0.553045] usbcore: registered new interface driver hub
[    0.553581] usbcore: registered new device driver usb
[    0.554048] pps_core: LinuxPPS API ver. 1 registered
[    0.554523] pps_core: Software ver. 5.3.6 - Copyright 2005-2007 Rodolfo Giometti <giometti@linux.it>
[    0.555037] PTP clock support registered
[    0.555413] Advanced Linux Sound Architecture Driver Initialized.
[    0.556190] NetLabel: Initializing
[    0.556502] NetLabel:  domain hash size = 128
[    0.556890] NetLabel:  protocols = UNLABELED CIPSOv4 CALIPSO
[    0.557052] NetLabel:  unlabeled traffic allowed by default
[    0.558097] PCI: Using ACPI for IRQ routing
[    0.559057] pci 0000:00:02.0: vgaarb: setting as boot VGA device
[    0.559681] pci 0000:00:02.0: vgaarb: bridge control possible
[    0.560033] pci 0000:00:02.0: vgaarb: VGA device added: decodes=io+mem,owns=io+mem,locks=none
[    0.561039] vgaarb: loaded
[    0.561087] hpet: 3 channels of 0 reserved for per-cpu timers
[    0.561625] hpet0: at MMIO 0xfed00000, IRQs 2, 8, 0
[    0.562035] hpet0: 3 comparators, 64-bit 100.000000 MHz counter
[    0.569159] clocksource: Switched to clocksource kvm-clock
[    0.569920] VFS: Disk quotas dquot_6.6.0
[    0.570402] VFS: Dquot-cache hash table entries: 512 (order 0, 4096 bytes)
[    0.571274] pnp: PnP ACPI init
[    0.571949] pnp: PnP ACPI: found 6 devices
[    0.582805] clocksource: acpi_pm: mask: 0xffffff max_cycles: 0xffffff, max_idle_ns: 2085701024 ns
[    0.583783] NET: Registered PF_INET protocol family
[    0.584431] IP idents hash table entries: 32768 (order: 6, 262144 bytes, linear)
[    0.585739] tcp_listen_portaddr_hash hash table entries: 1024 (order: 2, 16384 bytes, linear)
[    0.586782] Table-perturb hash table entries: 65536 (order: 6, 262144 bytes, linear)
[    0.587656] TCP established hash table entries: 16384 (order: 5, 131072 bytes, linear)
[    0.588566] TCP bind hash table entries: 16384 (order: 6, 262144 bytes, linear)
[    0.590836] TCP: Hash tables configured (established 16384 bind 16384)
[    0.591613] UDP hash table entries: 1024 (order: 3, 32768 bytes, linear)
[    0.592384] UDP-Lite hash table entries: 1024 (order: 3, 32768 bytes, linear)
[    0.593239] NET: Registered PF_UNIX/PF_LOCAL protocol family
[    0.594162] RPC: Registered named UNIX socket transport module.
[    0.594642] RPC: Registered udp transport module.
[    0.595012] RPC: Registered tcp transport module.
[    0.595398] RPC: Registered tcp NFSv4.1 backchannel transport module.
[    0.596173] pci_bus 0000:00: resource 4 [io  0x0000-0x0cf7 window]
[    0.596716] pci_bus 0000:00: resource 5 [io  0x0d00-0xffff window]
[    0.597227] pci_bus 0000:00: resource 6 [mem 0x000a0000-0x000bffff window]
[    0.597814] pci_bus 0000:00: resource 7 [mem 0x80000000-0xfebfffff window]
[    0.598446] pci_bus 0000:00: resource 8 [mem 0x100000000-0x17fffffff window]
[    0.599143] pci 0000:00:01.0: PIIX3: Enabling Passive Release
[    0.599660] pci 0000:00:00.0: Limiting direct PCI/PCI transfers
[    0.600192] PCI: CLS 0 bytes, default 64
[    0.600589] Unpacking initramfs...
[    0.601136] clocksource: tsc: mask: 0xffffffffffffffff max_cycles: 0x1e717a67afe, max_idle_ns: 440795258295 ns
[    0.608125] Initialise system trusted keyrings
[    0.608923] workingset: timestamp_bits=56 max_order=19 bucket_order=0
[    0.611374] NFS: Registering the id_resolver key type
[    0.611998] Key type id_resolver registered
[    0.612477] Key type id_legacy registered
[    0.614147] 9p: Installing v9fs 9p2000 file system support
[    0.618484] Freeing initrd memory: 1220K
[    0.621048] Key type asymmetric registered
[    0.621529] Asymmetric key parser 'x509' registered
[    0.622089] Block layer SCSI generic (bsg) driver version 0.4 loaded (major 251)
[    0.622921] io scheduler mq-deadline registered
[    0.623420] io scheduler kyber registered
[    0.624019] input: Power Button as /devices/LNXSYSTM:00/LNXPWRBN:00/input/input0
[    0.624911] ACPI: button: Power Button [PWRF]
[    0.625673] Serial: 8250/16550 driver, 4 ports, IRQ sharing enabled
[    0.626509] 00:04: ttyS0 at I/O 0x3f8 (irq = 4, base_baud = 115200) is a 16550A
[    0.627610] Non-volatile memory driver v1.3
[    0.628116] Linux agpgart interface v0.103
[    0.628642] ACPI: bus type drm_connector registered
[    0.631498] loop: module loaded
[    0.632457] scsi host0: ata_piix
[    0.632928] scsi host1: ata_piix
[    0.633305] ata1: PATA max MWDMA2 cmd 0x1f0 ctl 0x3f6 bmdma 0xc040 irq 14
[    0.633996] ata2: PATA max MWDMA2 cmd 0x170 ctl 0x376 bmdma 0xc048 irq 15
[    0.634889] e100: Intel(R) PRO/100 Network Driver
[    0.635593] e100: Copyright(c) 1999-2006 Intel Corporation
[    0.636262] e1000: Intel(R) PRO/1000 Network Driver
[    0.636826] e1000: Copyright (c) 1999-2006 Intel Corporation.
[    0.649528] ACPI: \_SB_.LNKC: Enabled at IRQ 11
[    0.791251] ata2: found unknown device (class 0)
[    0.792065] ata2.00: ATAPI: QEMU DVD-ROM, 2.5+, max UDMA/100
[    0.793553] scsi 1:0:0:0: CD-ROM            QEMU     QEMU DVD-ROM     2.5+ PQ: 0 ANSI: 5
[    0.827593] sr 1:0:0:0: [sr0] scsi3-mmc drive: 4x/4x cd/rw xa/form2 tray
[    0.828463] cdrom: Uniform CD-ROM driver Revision: 3.20
[    0.846600] sr 1:0:0:0: Attached scsi generic sg0 type 5
[    0.948928] e1000 0000:00:03.0 eth0: (PCI:33MHz:32-bit) 52:54:00:12:34:56
[    0.949681] e1000 0000:00:03.0 eth0: Intel(R) PRO/1000 Network Connection
[    0.950446] e1000e: Intel(R) PRO/1000 Network Driver
[    0.950870] e1000e: Copyright(c) 1999 - 2015 Intel Corporation.
[    0.951439] sky2: driver version 1.30
[    0.951946] ehci_hcd: USB 2.0 'Enhanced' Host Controller (EHCI) Driver
[    0.952672] ehci-pci: EHCI PCI platform driver
[    0.953044] ohci_hcd: USB 1.1 'Open' Host Controller (OHCI) Driver
[    0.953526] ohci-pci: OHCI PCI platform driver
[    0.953873] uhci_hcd: USB Universal Host Controller Interface driver
[    0.954404] usbcore: registered new interface driver usblp
[    0.954840] usbcore: registered new interface driver usb-storage
[    0.955357] i8042: PNP: PS/2 Controller [PNP0303:KBD,PNP0f13:MOU] at 0x60,0x64 irq 1,12
[    0.956477] serio: i8042 KBD port at 0x60,0x64 irq 1
[    0.956873] serio: i8042 AUX port at 0x60,0x64 irq 12
[    0.957577] input: AT Translated Set 2 keyboard as /devices/platform/i8042/serio0/input/input1
[    0.958135] rtc_cmos 00:05: RTC can wake from S4
[    0.959164] rtc_cmos 00:05: registered as rtc0
[    0.959545] rtc_cmos 00:05: alarms up to one day, y3k, 242 bytes nvram, hpet irqs
[    0.960283] device-mapper: ioctl: 4.47.0-ioctl (2022-07-28) initialised: dm-devel@redhat.com
[    0.961002] intel_pstate: CPU model not supported
[    0.961436] hid: raw HID events driver (C) Jiri Kosina
[    0.962043] usbcore: registered new interface driver usbhid
[    0.962532] usbhid: USB HID core driver
[    0.963477] Initializing XFRM netlink socket
[    0.963903] NET: Registered PF_INET6 protocol family
[    0.964871] Segment Routing with IPv6
[    0.965214] In-situ OAM (IOAM) with IPv6
[    0.965690] sit: IPv6, IPv4 and MPLS over IPv4 tunneling driver
[    0.966335] NET: Registered PF_PACKET protocol family
[    0.966944] 9pnet: Installing 9P2000 support
[    0.967453] Key type dns_resolver registered
[    0.968203] IPI shorthand broadcast: enabled
[    0.968668] sched_clock: Marking stable (959676316, 8437101)->(970775329, -2661912)
[    0.969435] registered taskstats version 1
[    0.969744] Loading compiled-in X.509 certificates
[    0.970288] cryptomgr_test (51) used greatest stack depth: 15520 bytes left
[    0.972067] PM:   Magic number: 14:546:636
[    0.972532] printk: console [netcon0] enabled
[    0.972986] netconsole: network logging started
[    0.973543] cfg80211: Loading compiled-in X.509 certificates for regulatory database
[    0.974745] modprobe (73) used greatest stack depth: 14608 bytes left
[    0.975491] cfg80211: Loaded X.509 cert 'sforshee: 00b28ddf47aef9cea7'
[    0.976066] cryptomgr_probe (75) used greatest stack depth: 14504 bytes left
[    0.976130] ALSA device list:
[    0.977008]   No soundcards found.
[    0.978129] Freeing unused kernel image (initmem) memory: 1516K
[    0.978549] platform regulatory.0: Direct firmware load for regulatory.db failed with error -2
[    0.979057] cfg80211: failed to load regulatory.db
[    0.982189] Write protecting the kernel read-only data: 24576k
[    0.984153] Freeing unused kernel image (text/rodata gap) memory: 2032K
[    0.985169] Freeing unused kernel image (rodata/data gap) memory: 976K
[    0.985708] Run /init as init process
chown: unknown user/group root:tty

Boot took[   0 . 908.991261] Kernel panic - not syncing: Attempted to kill init! exitcode=0x00000000
[    0.991894] CPU: 0 PID: 1 Comm: init Not tainted 6.0.0-g2d682f3e46d9-dirty #26
 s[e c o n ds0.
99
2463] Hardware name: QEMU Standard PC (i440FX + PIIX, 1996), BIOS Arch Linux 1.16.0-3-3 04/01/2014
[    0.993413] Call Trace:
[    0.993633]  <TASK>
[    0.993819]  dump_stack_lvl+0x33/0x46
[    0.994126]  panic+0x10e/0x2a4
[    0.994404]  do_exit.cold+0x45/0x45
[    0.994691]  do_group_exit+0x28/0x90
[    0.994988]  __x64_sys_exit_group+0xf/0x10
[    0.995321]  do_syscall_64+0x3a/0x90
[    0.995635]  entry_SYSCALL_64_after_hwframe+0x63/0xcd
[    0.996055] RIP: 0033:0x478341
[    0.996311] Code: e0 ff ff ff be e7 00 00 00 ba 3c 00 00 00 eb 16 66 0f 1f 84 00 00 00 00 00 89 d0 0f 05 48 3d 00 f0 ff ff 77 1c f4 89 f0 0f 05 <48> 3d 00 f0 ff ff 76 e7 f7 d8 64 41 89 00 eb df 0f 1f 80 00 00 00
[    0.997825] RSP: 002b:00007fffa87883e8 EFLAGS: 00000246 ORIG_RAX: 00000000000000e7
[    0.998440] RAX: ffffffffffffffda RBX: 0000000000b245e0 RCX: 0000000000478341
[    0.999015] RDX: 000000000000003c RSI: 00000000000000e7 RDI: 0000000000000000
[    0.999602] RBP: 00007fffa8788878 R08: ffffffffffffffe0 R09: 0000000000000008
[    1.000178] R10: 0000000000000000 R11: 0000000000000246 R12: 00007fffa8788870
[    1.000754] R13: 00007fffa8788868 R14: 0000000000000000 R15: 0000000000000001
[    1.001343]  </TASK>
[    1.001601] Kernel Offset: 0x9200000 from 0xffffffff81000000 (relocation range: 0xffffffff80000000-0xffffffffbfffffff)
[    1.002451] ---[ end Kernel panic - not syncing: Attempted to kill init! exitcode=0x00000000 ]---
QEMU: Terminated
