c[?7l[2J[0mSeaBIOS (version Arch Linux 1.16.0-3-3)


iPXE (http://ipxe.org) 00:03.0 C900 PCI2.10 PnP PMM+7FF93310+7FEF3310 C900
Press Ctrl-B to configure iPXE (PCI 00:03.0)...                                                                               


Booting from ROM..c[?7l[2JLinux version 6.0.0 (silentsky@sky) (gcc (GCC) 12.2.0, GNU ld (GNU Binutils) 2.39.0) #23 Sat Nov 5 17:55:36 CET 2022
Command line: console=ttyS0 root=/dev/sda earlyprintk=serial net.ifnames=0 rootfstype=ext4 loglevel=7 init=/bin/sh
x86/fpu: x87 FPU will use FXSAVE
signal: max sigframe size: 1040
BIOS-provided physical RAM map:
BIOS-e820: [mem 0x0000000000000000-0x000000000009fbff] usable
BIOS-e820: [mem 0x000000000009fc00-0x000000000009ffff] reserved
BIOS-e820: [mem 0x00000000000f0000-0x00000000000fffff] reserved
BIOS-e820: [mem 0x0000000000100000-0x000000007ffdffff] usable
BIOS-e820: [mem 0x000000007ffe0000-0x000000007fffffff] reserved
BIOS-e820: [mem 0x00000000feffc000-0x00000000feffffff] reserved
BIOS-e820: [mem 0x00000000fffc0000-0x00000000ffffffff] reserved
NX (Execute Disable) protection: active
tsc: Fast TSC calibration using PIT
tsc: Detected 2112.246 MHz processor
last_pfn = 0x7ffe0 max_arch_pfn = 0x400000000
x86/PAT: Configuration [0-7]: WB  WT  UC- UC  WB  WT  UC- UC  
found SMP MP-table at [mem 0x000f6e80-0x000f6e8f]
RAMDISK: [mem 0x7feaf000-0x7ffdffff]
Zone ranges:
  DMA32    [mem 0x0000000000001000-0x000000007ffdffff]
  Normal   empty
Movable zone start for each node
Early memory node ranges
  node   0: [mem 0x0000000000001000-0x000000000009efff]
  node   0: [mem 0x0000000000100000-0x000000007ffdffff]
Initmem setup node 0 [mem 0x0000000000001000-0x000000007ffdffff]
On node 0, zone DMA32: 1 pages in unavailable ranges
On node 0, zone DMA32: 97 pages in unavailable ranges
On node 0, zone DMA32: 32 pages in unavailable ranges
Intel MultiProcessor Specification v1.4
MPTABLE: OEM ID: BOCHSCPU
MPTABLE: Product ID: 0.1         
MPTABLE: APIC at: 0xFEE00000
Processor #0 (Bootup-CPU)
IOAPIC[0]: apic_id 0, version 17, address 0xfec00000, GSI 0-23
Processors: 1
[mem 0x80000000-0xfeffbfff] available for PCI devices
clocksource: refined-jiffies: mask: 0xffffffff max_cycles: 0xffffffff, max_idle_ns: 7645519600211568 ns
Built 1 zonelists, mobility grouping on.  Total pages: 516832
Kernel command line: console=ttyS0 root=/dev/sda earlyprintk=serial net.ifnames=0 rootfstype=ext4 loglevel=7 init=/bin/sh
Unknown kernel command line parameters "earlyprintk=serial", will be passed to user space.
Dentry cache hash table entries: 262144 (order: 9, 2097152 bytes, linear)
Inode-cache hash table entries: 131072 (order: 8, 1048576 bytes, linear)
mem auto-init: stack:all(zero), heap alloc:off, heap free:off
Memory: 2052428K/2096632K available (4096K kernel code, 848K rwdata, 364K rodata, 500K init, 692K bss, 43948K reserved, 0K cma-reserved)
NR_IRQS: 4352, nr_irqs: 48, preallocated irqs: 16
Console: colour VGA+ 80x25
printk: console [ttyS0] enabled
APIC: Switch to symmetric I/O mode setup
..TIMER: vector=0x30 apic1=0 pin1=2 apic2=-1 pin2=-1
clocksource: tsc-early: mask: 0xffffffffffffffff max_cycles: 0x1e7260ffa24, max_idle_ns: 440795260549 ns
Calibrating delay loop (skipped), value calculated using timer frequency.. 4224.49 BogoMIPS (lpj=8448984)
pid_max: default: 4096 minimum: 301
Mount-cache hash table entries: 4096 (order: 3, 32768 bytes, linear)
Mountpoint-cache hash table entries: 4096 (order: 3, 32768 bytes, linear)
Last level iTLB entries: 4KB 0, 2MB 0, 4MB 0
Last level dTLB entries: 4KB 0, 2MB 0, 4MB 0, 1GB 0
CPU: Intel QEMU Virtual CPU version 2.5+ (family: 0xf, model: 0x6b, stepping: 0x1)
Spectre V1 : Mitigation: usercopy/swapgs barriers and __user pointer sanitization
Spectre V2 : Kernel not compiled with retpoline; no mitigation available!
Spectre V2 : Vulnerable
Spectre V2 : Spectre v2 / SpectreRSB mitigation: Filling RSB on context switch
Speculative Store Bypass: Vulnerable
MDS: Vulnerable: Clear CPU buffers attempted, no microcode
MMIO Stale Data: Unknown: No mitigations
Performance Events: unsupported Netburst CPU model 107 no PMU driver, software events only.
clocksource: jiffies: mask: 0xffffffff max_cycles: 0xffffffff, max_idle_ns: 7645041785100000 ns
PCI: Using configuration type 1 for base access
PCI: Probing PCI hardware
PCI host bridge to bus 0000:00
pci_bus 0000:00: root bus resource [io  0x0000-0xffff]
pci_bus 0000:00: root bus resource [mem 0x00000000-0xffffffffff]
pci_bus 0000:00: No busn resource found for root bus, will use [bus 00-ff]
pci 0000:00:00.0: [8086:1237] type 00 class 0x060000
pci 0000:00:01.0: [8086:7000] type 00 class 0x060100
pci 0000:00:01.1: [8086:7010] type 00 class 0x010180
pci 0000:00:01.1: reg 0x20: [io  0xc040-0xc04f]
pci 0000:00:01.1: legacy IDE quirk: reg 0x10: [io  0x01f0-0x01f7]
pci 0000:00:01.1: legacy IDE quirk: reg 0x14: [io  0x03f6]
pci 0000:00:01.1: legacy IDE quirk: reg 0x18: [io  0x0170-0x0177]
pci 0000:00:01.1: legacy IDE quirk: reg 0x1c: [io  0x0376]
pci 0000:00:01.3: [8086:7113] type 00 class 0x068000
pci 0000:00:01.3: quirk: [io  0x0600-0x063f] claimed by PIIX4 ACPI
pci 0000:00:01.3: quirk: [io  0x0700-0x070f] claimed by PIIX4 SMB
pci 0000:00:02.0: [1234:1111] type 00 class 0x030000
pci 0000:00:02.0: reg 0x10: [mem 0xfd000000-0xfdffffff pref]
pci 0000:00:02.0: reg 0x18: [mem 0xfebf0000-0xfebf0fff]
pci 0000:00:02.0: reg 0x30: [mem 0xfebe0000-0xfebeffff pref]
pci 0000:00:02.0: Video device with shadowed ROM at [mem 0x000c0000-0x000dffff]
pci 0000:00:03.0: [8086:100e] type 00 class 0x020000
pci 0000:00:03.0: reg 0x10: [mem 0xfebc0000-0xfebdffff]
pci 0000:00:03.0: reg 0x14: [io  0xc000-0xc03f]
pci 0000:00:03.0: reg 0x30: [mem 0xfeb80000-0xfebbffff pref]
pci_bus 0000:00: busn_res: [bus 00-ff] end is updated to 00
pci 0000:00:01.0: PIIX/ICH IRQ router [8086:7000]
pci 0000:00:02.0: vgaarb: setting as boot VGA device
pci 0000:00:02.0: vgaarb: bridge control possible
pci 0000:00:02.0: vgaarb: VGA device added: decodes=io+mem,owns=io+mem,locks=none
vgaarb: loaded
clocksource: Switched to clocksource tsc-early
pci_bus 0000:00: resource 4 [io  0x0000-0xffff]
pci_bus 0000:00: resource 5 [mem 0x00000000-0xffffffffff]
pci 0000:00:01.0: PIIX3: Enabling Passive Release
pci 0000:00:00.0: Limiting direct PCI/PCI transfers
PCI: CLS 0 bytes, default 64
platform rtc_cmos: registered platform RTC device (no PNP device found)
Unpacking initramfs...
Freeing initrd memory: 1220K
workingset: timestamp_bits=62 max_order=19 bucket_order=0
Serial: 8250/16550 driver, 4 ports, IRQ sharing disabled
serial8250: ttyS0 at I/O 0x3f8 (irq = 4, base_baud = 115200) is a 16550A
serio: i8042 KBD port at 0x60,0x64 irq 1
serio: i8042 AUX port at 0x60,0x64 irq 12
sched_clock: Marking stable (389149207, 32194840)->(458800616, -37456569)
input: AT Translated Set 2 keyboard as /devices/platform/i8042/serio0/input/input0
Freeing unused kernel image (initmem) memory: 500K
Write protecting the kernel read-only data: 8192k
Freeing unused kernel image (text/rodata gap) memory: 2044K
Freeing unused kernel image (rodata/data gap) memory: 1684K
Run /init as init process
Failed to execute /init (error -8)
Run /bin/sh as init process
/bin/sh: can't access tty; job control turned off
~ # input: ImExPS/2 Generic Explorer Mouse as /devices/platform/i8042/serio1/input/input2
clocksource: tsc: mask: 0xffffffffffffffff max_cycles: 0x1e7260ffa24, max_idle_ns: 440795260549 ns
clocksource: Switched to clocksource tsc
ls
[1;34mbin[m      [1;34metc[m      [1;36mlinuxrc[m  [1;34mroot[m     [1;34msys[m
[1;34mdev[m      [1;32minit[m     [1;34mproc[m     [1;34msbin[m     [1;34musr[m
~ # s~ # s[Jy~ # sy[J
sync     sysctl   syslogd
~ # sy[J
sync     sysctl   syslogd
~ # sy[Jstemd-analyze
/bin/sh: systemd-analyze: not found
~ # vmsat[J[Jtat
/bin/sh: vmstat: not found
~ # top
top: no process info in /proc

~ # QEMU: Terminated
